mongoose@thoughtcrime:~/workbench/dev/golang/netbang$ go version
go version go1.20.3 linux/amd64
mongoose@thoughtcrime:~/workbench/dev/golang/netbang$ uname -a|cut -d " " -f 1,3,4,15,16
Linux 6.5.0-25-generic #25~22.04.1-Ubuntu x86_64 GNU/Linux
mongoose@thoughtcrime:~/workbench/dev/golang/netbang$ go build ./netbang.go ./ifstat.go ./ninjarecon.go ./portfu.go ./resolver.go 
mongoose@thoughtcrime:~/workbench/dev/golang/netbang$ ./netbang --recon shodan <api key redacted> 8.8.8.8

Unparsed Shodan data foor target 8.8.8.8:
&{ [443 53] 8.8.8.8 Google LLC [dns.google] Google LLC [] AS15169 2024-03-19T12:35:11.470276 [0xc000002600 0xc000002780 0xc000002900] {Mountain View CA 0 37.4056 -122.0775 United States US   0}}
mongoose@thoughtcrime:~/workbench/dev/golang/netbang$ ./netbang -p 80,389,1178,10000 scanme.org

Network gateway/IF/IP:
default via 10.0.2.2 dev enp0s3 proto dhcp metric 100 
10.0.2.0/24 dev enp0s3 proto kernel scope link src 10.0.2.15 metric 100 
169.254.0.0/16 dev enp0s3 scope link metric 1000 

Interfaces/state/MAC:
1: lo: <LOOPBACK,UP,LOWER_UP> mtu 65536 qdisc noqueue state UNKNOWN mode DEFAULT group default qlen 1000
    link/loopback 00:00:00:00:00:00 brd 00:00:00:00:00:00
2: enp0s3: <BROADCAST,MULTICAST,UP,LOWER_UP> mtu 1500 qdisc fq_codel state UP mode DEFAULT group default qlen 1000
    link/ether 08:00:27:2c:8c:11 brd ff:ff:ff:ff:ff:ff

Bang target: [scanme.org], Portcount: [4]
=====================================================
TCP portbangers unleashed...ðŸ˜ŽðŸ’€ðŸ’€ðŸ’€
Jobs run: 4
scanme.org Scan Results
================================================================================
[scanme.org:80] -->     [ðŸ˜Ž] OPEN
[scanme.org:1178] -->   [ðŸ’€] ERROR: dial tcp 45.33.32.156:1178: connect: connection refused
[scanme.org:10000] -->  [ðŸ’€] ERROR: dial tcp 45.33.32.156:10000: connect: connection refused
[scanme.org:389] -->    [ðŸ’€] ERROR: dial tcp 45.33.32.156:389: connect: connection refused
mongoose@thoughtcrime:~/workbench/dev/golang/netbang$ 